#-----------------------------------------------------------
# Vivado v2017.4 (64-bit)
# SW Build 2086221 on Fri Dec 15 20:54:30 MST 2017
# IP Build 2085800 on Fri Dec 15 22:25:07 MST 2017
# Start of session at: Tue Aug 21 23:19:09 2018
# Process ID: 20105
# Current directory: /home/serval/daniel_shih/cnn_circuit/vivado_pro/IP/cnn_zynq
# Command line: vivado
# Log file: /home/serval/daniel_shih/cnn_circuit/vivado_pro/IP/cnn_zynq/vivado.log
# Journal file: /home/serval/daniel_shih/cnn_circuit/vivado_pro/IP/cnn_zynq/vivado.jou
#-----------------------------------------------------------
start_gui
create_project cnn . -part xc7z020clg484-1
set_property board_part e-elements:ego-xz7:part0:1.1 [current_project]
add_files -norecurse {/home/serval/daniel_shih/cnn_circuit/cnn/src/conv_ctrl.v /home/serval/daniel_shih/cnn_circuit/cnn/src/cnn_pset.v /home/serval/daniel_shih/cnn_circuit/cnn/src/conv_loop.v /home/serval/daniel_shih/cnn_circuit/cnn/src/conv_unit.v /home/serval/daniel_shih/cnn_circuit/cnn/src/maxp_ctrl.v /home/serval/daniel_shih/cnn_circuit/cnn/src/cnn_ctrl.v /home/serval/daniel_shih/cnn_circuit/cnn/src/conv_addr.v /home/serval/daniel_shih/cnn_circuit/cnn/src/conv.v /home/serval/daniel_shih/cnn_circuit/cnn/src/maxp_unit.v /home/serval/daniel_shih/cnn_circuit/cnn/src/cnn_mem_sel.v /home/serval/daniel_shih/cnn_circuit/cnn/src/param.v /home/serval/daniel_shih/cnn_circuit/cnn/src/eras.v /home/serval/daniel_shih/cnn_circuit/cnn/src/maxp_addr.v /home/serval/daniel_shih/cnn_circuit/cnn/src/maxp.v /home/serval/daniel_shih/cnn_circuit/cnn/src/cnn_zynq.v /home/serval/daniel_shih/cnn_circuit/cnn/src/maxp_loop.v}
update_compile_order -fileset sources_1
update_compile_order -fileset sources_1
launch_runs synth_1 -jobs 8
wait_on_run synth_1
ipx::package_project -root_dir /home/serval/daniel_shih/cnn_circuit/vivado_pro/IP/cnn_zynq -vendor user.org -library user -taxonomy /UserIP -import_files -set_current false
ipx::unload_core /home/serval/daniel_shih/cnn_circuit/vivado_pro/IP/cnn_zynq/component.xml
ipx::edit_ip_in_project -upgrade true -name tmp_edit_project -directory /home/serval/daniel_shih/cnn_circuit/vivado_pro/IP/cnn_zynq /home/serval/daniel_shih/cnn_circuit/vivado_pro/IP/cnn_zynq/component.xml
update_compile_order -fileset sources_1
set_property core_revision 2 [ipx::current_core]
ipx::create_xgui_files [ipx::current_core]
ipx::update_checksums [ipx::current_core]
ipx::save_core [ipx::current_core]
close_project -delete
set_property  ip_repo_paths  /home/serval/daniel_shih/cnn_circuit/vivado_pro/IP/cnn_zynq [current_project]
update_ip_catalog
