#-----------------------------------------------------------
# Vivado v2018.2 (64-bit)
# SW Build 2258646 on Thu Jun 14 20:02:38 MDT 2018
# IP Build 2256618 on Thu Jun 14 22:10:49 MDT 2018
# Start of session at: Wed Aug 28 16:36:21 2019
# Process ID: 4780
# Current directory: /home/serval/ndnquang/cnn_circuit/vivado_pro/reM/project_1
# Command line: vivado project_1.xpr
# Log file: /home/serval/ndnquang/cnn_circuit/vivado_pro/reM/project_1/vivado.log
# Journal file: /home/serval/ndnquang/cnn_circuit/vivado_pro/reM/project_1/vivado.jou
#-----------------------------------------------------------
start_gui
open_project project_1.xpr
update_compile_order -fileset sources_1
open_bd_design {/home/serval/ndnquang/cnn_circuit/vivado_pro/reM/project_1/project_1.srcs/sources_1/bd/design_1/design_1.bd}
open_bd_design {/home/serval/ndnquang/cnn_circuit/vivado_pro/reM/project_1/project_1.srcs/sources_1/bd/design_1/design_1.bd}
ipx::edit_ip_in_project -upgrade true -name cnn_v1_0_project -directory /home/serval/ndnquang/cnn_circuit/vivado_pro/reM/project_1/project_1.tmp/cnn_v1_0_project /home/serval/ndnquang/cnn_circuit/vivado_pro/IP/cnn_zynq/component.xml
update_compile_order -fileset sources_1
launch_simulation
launch_simulation
launch_simulation
launch_simulation
launch_simulation
export_ip_user_files -of_objects  [get_files /home/serval/ndnquang/cnn_circuit/vivado_pro/IP/cnn_zynq/src/param.v] -no_script -reset -force -quiet
remove_files  /home/serval/ndnquang/cnn_circuit/vivado_pro/IP/cnn_zynq/src/param.v
launch_simulation
source cnn.tcl
run all
restart
run all
restart
set_property SOURCE_SET sources_1 [get_filesets sim_1]
add_files -fileset sim_1 -norecurse -copy_to /home/serval/ndnquang/cnn_circuit/vivado_pro/IP/cnn_zynq/src /home/serval/ndnquang/cnn_circuit/cnn/src/testfixture.v
update_compile_order -fileset sim_1
update_compile_order -fileset sim_1
run all
launch_simulation
set_property SOURCE_SET sources_1 [get_filesets sim_1]
add_files -fileset sim_1 -norecurse -copy_to /home/serval/ndnquang/cnn_circuit/vivado_pro/IP/cnn_zynq/src /home/serval/ndnquang/cnn_circuit/cnn/src/param.v
update_compile_order -fileset sim_1
launch_simulation
add_files -norecurse -copy_to /home/serval/ndnquang/cnn_circuit/vivado_pro/IP/cnn_zynq/src /home/serval/ndnquang/cnn_circuit/vivado_pro/IP/cnn_zynq/src/param.v
launch_simulation
close_sim
close_project
